// Vitest Snapshot v1, https://vitest.dev/guide/snapshot.html

exports[`BranchCard Component > should render the BranchCard component and update it correctly 1`] = `
[
  [
    "test-project",
    "test-stack",
    "branch-a",
    0,
  ],
  [
    "test-project",
    "test-stack",
    "branch-a",
    0,
  ],
  [
    "test-project",
    "test-stack",
    "branch-b",
    0,
  ],
  [
    "test-project",
    "test-stack",
    "branch-b",
    0,
  ],
]
`;

exports[`BranchCard Component > should render the BranchCard component and update it correctly 2`] = `
[
  [
    "test-project",
    "test-stack",
    "branch-a",
  ],
  [
    "test-project",
    "test-stack",
    "branch-a",
  ],
  [
    "test-project",
    "test-stack",
    "branch-b",
  ],
  [
    "test-project",
    "test-stack",
    "branch-b",
  ],
]
`;

exports[`BranchCard Component > should render the BranchCard component and update it correctly 3`] = `
[
  [
    "test-project",
    "test-stack",
    "branch-a",
  ],
  [
    "test-project",
    "test-stack",
    "branch-a",
  ],
  [
    "test-project",
    "test-stack",
    "branch-b",
  ],
  [
    "test-project",
    "test-stack",
    "branch-b",
  ],
]
`;
