---
source: crates/but-graph/tests/graph/init/mod.rs
expression: graph_tree(&graph)
---

├── 👉►:0[0]:A[🌳]
│   └── ·eb45cff (⌂|1)
│       └── ►:2[1]:mid_a
│           └── ·255c446 (⌂|✓|1)
│               └── ►:4[2]:main
│                   └── ·965998b (⌂|✓|1)
└── ►:1[0]:B
    └── 🟣451c8a3 (✓)
        ├── →:2: (mid_a)
        └── ►:3[1]:mid_c
            └── 🟣2d4a5cd (✓)
                └── →:4: (main)
